###############################################################################
#
# IAR ELF Linker V7.60.2.11341/W32 for ARM                04/Sep/2016  10:58:55
# Copyright 2007-2016 IAR Systems AB.
#
#    Output file  =  
#        G:\电子工程学习\ARMstudy\freescale\MK60D10_software\project\watchdog_window_mode\Debug\Exe\watcgdog.out
#    Map file     =  
#        G:\电子工程学习\ARMstudy\freescale\MK60D10_software\project\watchdog_window_mode\Debug\List\watcgdog.map
#    Command line =  
#        G:\电子工程学习\ARMstudy\freescale\MK60D10_software\project\watchdog_window_mode\Debug\Obj\fsl_clock.o
#        G:\电子工程学习\ARMstudy\freescale\MK60D10_software\project\watchdog_window_mode\Debug\Obj\fsl_common.o
#        G:\电子工程学习\ARMstudy\freescale\MK60D10_software\project\watchdog_window_mode\Debug\Obj\fsl_debug_console.o
#        G:\电子工程学习\ARMstudy\freescale\MK60D10_software\project\watchdog_window_mode\Debug\Obj\fsl_gpio.o
#        G:\电子工程学习\ARMstudy\freescale\MK60D10_software\project\watchdog_window_mode\Debug\Obj\fsl_wdog.o
#        G:\电子工程学习\ARMstudy\freescale\MK60D10_software\project\watchdog_window_mode\Debug\Obj\main.o
#        G:\电子工程学习\ARMstudy\freescale\MK60D10_software\project\watchdog_window_mode\Debug\Obj\startup_MK60D10.o
#        G:\电子工程学习\ARMstudy\freescale\MK60D10_software\project\watchdog_window_mode\Debug\Obj\system_MK60D10.o
#        -o
#        G:\电子工程学习\ARMstudy\freescale\MK60D10_software\project\watchdog_window_mode\Debug\Exe\watcgdog.out
#        --map
#        G:\电子工程学习\ARMstudy\freescale\MK60D10_software\project\watchdog_window_mode\Debug\List\watcgdog.map
#        --config "D:\Program Files\IAR
#        Systems\arm\config\linker\NXP\MK60xN512_10.icf" --semihosting --entry
#        __iar_program_start --vfe
#
###############################################################################

*******************************************************************************
*** RUNTIME MODEL ATTRIBUTES
***

CppFlavor       = *
__SystemLibrary = DLib


*******************************************************************************
*** PLACEMENT SUMMARY
***

"A1":  place at 0x00000000 { ro section .intvec };
"P1":  place in [from 0x00000400 to 0x0000040f] { section FlashConfig };
"P2":  place in [from 0x00000000 to 0x000003ff] |
                [from 0x00000410 to 0x0007ffff] { ro };
"P3":  place in [from 0x1fff0000 to 0x1fffffff repeat 2] {
          rw, block CSTACK, block HEAP };
initialize by copy { rw };

  Section            Kind        Address    Size  Object
  -------            ----        -------    ----  ------
"A1":                                      0x400
  .intvec            ro code  0x00000000   0x400  startup_MK60D10.o [1]
                            - 0x00000400   0x400

"P1":                                       0x10
  FlashConfig        ro code  0x00000400    0x10  startup_MK60D10.o [1]
                            - 0x00000410    0x10

"P2":                                      0xf9c
  .text              ro code  0x00000410   0x3f8  fsl_clock.o [1]
  .text              ro code  0x00000808    0x18  fsl_common.o [1]
  .text              ro code  0x00000820   0x384  fsl_debug_console.o [1]
  .text              ro code  0x00000ba4    0x36  strlen.o [4]
  .text              ro code  0x00000bda     0x2  startup_MK60D10.o [1]
  .text              ro code  0x00000bdc   0x190  main.o [1]
  .text              ro code  0x00000d6c    0x64  fsl_gpio.o [1]
  .text              ro code  0x00000dd0   0x11c  fsl_wdog.o [1]
  .rodata            const    0x00000eec    0x74  main.o [1]
  .rodata            const    0x00000f60    0x50  fsl_clock.o [1]
  .rodata            const    0x00000fb0    0x50  fsl_gpio.o [1]
  .rodata            const    0x00001000    0x50  fsl_wdog.o [1]
  .rodata            const    0x00001050    0x2c  fsl_common.o [1]
  .text              ro code  0x0000107c    0x2c  copy_init3.o [4]
  .text              ro code  0x000010a8    0x28  data_init.o [4]
  .text              ro code  0x000010d0    0x24  startup_MK60D10.o [1]
  .text              ro code  0x000010f4    0x24  system_MK60D10.o [1]
  .iar.init_table    const    0x00001118    0x14  - Linker created -
  .text              ro code  0x0000112c    0x1a  cmain.o [4]
  .text              ro code  0x00001146     0x4  low_level_init.o [3]
  .text              ro code  0x0000114a     0x4  exit.o [3]
  .text              ro code  0x0000114e     0x2  startup_MK60D10.o [1]
  .text              ro code  0x00001150     0xa  cexit.o [4]
  .text              ro code  0x0000115a     0x2  startup_MK60D10.o [1]
  .text              ro code  0x0000115c    0x14  exit.o [5]
  .rodata            const    0x00001170    0x10  fsl_clock.o [1]
  .rodata            const    0x00001180    0x10  fsl_clock.o [1]
  .rodata            const    0x00001190     0xc  fsl_clock.o [1]
  .rodata            const    0x0000119c     0xc  fsl_clock.o [1]
  .text              ro code  0x000011a8     0xc  cstartup_M.o [4]
  .rodata            const    0x000011b4     0x8  fsl_gpio.o [1]
  .rodata            const    0x000011bc     0x8  fsl_wdog.o [1]
  .rodata            const    0x000011c4     0x8  main.o [1]
  .text              ro code  0x000011cc     0x8  startup_MK60D10.o [1]
  .text              ro code  0x000011d4     0x8  startup_MK60D10.o [1]
  .text              ro code  0x000011dc     0x8  startup_MK60D10.o [1]
  .text              ro code  0x000011e4     0x8  startup_MK60D10.o [1]
  .text              ro code  0x000011ec     0x8  startup_MK60D10.o [1]
  .text              ro code  0x000011f4     0x8  startup_MK60D10.o [1]
  .text              ro code  0x000011fc     0x8  startup_MK60D10.o [1]
  .text              ro code  0x00001204     0x8  startup_MK60D10.o [1]
  .text              ro code  0x0000120c     0x8  startup_MK60D10.o [1]
  .text              ro code  0x00001214     0x8  startup_MK60D10.o [1]
  .text              ro code  0x0000121c     0x8  startup_MK60D10.o [1]
  .text              ro code  0x00001224     0x8  startup_MK60D10.o [1]
  .text              ro code  0x0000122c     0x8  startup_MK60D10.o [1]
  .text              ro code  0x00001234     0x8  startup_MK60D10.o [1]
  .text              ro code  0x0000123c     0x8  startup_MK60D10.o [1]
  .text              ro code  0x00001244     0x8  startup_MK60D10.o [1]
  .text              ro code  0x0000124c     0x8  startup_MK60D10.o [1]
  .text              ro code  0x00001254     0x8  startup_MK60D10.o [1]
  .text              ro code  0x0000125c     0x8  startup_MK60D10.o [1]
  .text              ro code  0x00001264     0x8  startup_MK60D10.o [1]
  .text              ro code  0x0000126c     0x8  startup_MK60D10.o [1]
  .text              ro code  0x00001274     0x8  startup_MK60D10.o [1]
  .text              ro code  0x0000127c     0x8  startup_MK60D10.o [1]
  .text              ro code  0x00001284     0x8  startup_MK60D10.o [1]
  .text              ro code  0x0000128c     0x8  startup_MK60D10.o [1]
  .text              ro code  0x00001294     0x8  startup_MK60D10.o [1]
  .text              ro code  0x0000129c     0x8  startup_MK60D10.o [1]
  .text              ro code  0x000012a4     0x8  startup_MK60D10.o [1]
  .text              ro code  0x000012ac     0x8  startup_MK60D10.o [1]
  .text              ro code  0x000012b4     0x8  startup_MK60D10.o [1]
  .text              ro code  0x000012bc     0x8  startup_MK60D10.o [1]
  .text              ro code  0x000012c4     0x8  startup_MK60D10.o [1]
  .text              ro code  0x000012cc     0x8  startup_MK60D10.o [1]
  .text              ro code  0x000012d4     0x8  startup_MK60D10.o [1]
  .text              ro code  0x000012dc     0x8  startup_MK60D10.o [1]
  .text              ro code  0x000012e4     0x8  startup_MK60D10.o [1]
  .text              ro code  0x000012ec     0x8  startup_MK60D10.o [1]
  .text              ro code  0x000012f4     0x8  startup_MK60D10.o [1]
  .text              ro code  0x000012fc     0x8  startup_MK60D10.o [1]
  .text              ro code  0x00001304     0x8  startup_MK60D10.o [1]
  .text              ro code  0x0000130c     0x8  startup_MK60D10.o [1]
  .text              ro code  0x00001314     0x8  startup_MK60D10.o [1]
  .text              ro code  0x0000131c     0x8  startup_MK60D10.o [1]
  .text              ro code  0x00001324     0x8  startup_MK60D10.o [1]
  .text              ro code  0x0000132c     0x8  startup_MK60D10.o [1]
  .text              ro code  0x00001334     0x8  startup_MK60D10.o [1]
  .text              ro code  0x0000133c     0x8  startup_MK60D10.o [1]
  .text              ro code  0x00001344     0x8  startup_MK60D10.o [1]
  .text              ro code  0x0000134c     0x8  startup_MK60D10.o [1]
  .text              ro code  0x00001354     0x8  startup_MK60D10.o [1]
  .text              ro code  0x0000135c     0x8  startup_MK60D10.o [1]
  .text              ro code  0x00001364     0x8  startup_MK60D10.o [1]
  .text              ro code  0x0000136c     0x8  startup_MK60D10.o [1]
  .text              ro code  0x00001374     0x8  startup_MK60D10.o [1]
  .text              ro code  0x0000137c     0x4  startup_MK60D10.o [1]
  .text              ro code  0x00001380     0x2  startup_MK60D10.o [1]
  .text              ro code  0x00001382     0x2  startup_MK60D10.o [1]
  .text              ro code  0x00001384     0x2  startup_MK60D10.o [1]
  .text              ro code  0x00001386     0x2  startup_MK60D10.o [1]
  .text              ro code  0x00001388     0x2  startup_MK60D10.o [1]
  .text              ro code  0x0000138a     0x2  startup_MK60D10.o [1]
  .rodata            const    0x0000138c     0x0  copy_init3.o [4]
  Initializer bytes  const    0x0000138c    0x20  <for P3 s0>
                            - 0x000013ac   0xf9c

"P3", part 1 of 2:                          0x20
  P3 s0                       0x1fff0000    0x20  <Init block>
    .bss             inited   0x1fff0000    0x10  fsl_debug_console.o [1]
    .data            inited   0x1fff0010     0x4  fsl_clock.o [1]
    .data            inited   0x1fff0014     0x4  fsl_clock.o [1]
    .bss             inited   0x1fff0018     0x4  fsl_clock.o [1]
    .bss             inited   0x1fff001c     0x4  fsl_clock.o [1]
                            - 0x1fff0020    0x20

"P3", part 2 of 2:                        0x2000
  CSTACK                      0x1fff0020  0x2000  <Block>
    CSTACK           uninit   0x1fff0020  0x2000  <Block tail>
                            - 0x1fff2020  0x2000


*******************************************************************************
*** INIT TABLE
***

          Address     Size
          -------     ----
Copy (__iar_copy_init3)
    1 source range, total size 0x20:
          0x0000138c  0x20
    1 destination range, total size 0x20:
          0x1fff0000  0x20



*******************************************************************************
*** MODULE SUMMARY
***

    Module               ro code  ro data  rw data
    ------               -------  -------  -------
G:\电子工程学习\ARMstudy\freescale\MK60D10_software\project\watchdog_window_mode\Debug\Obj: [1]
    fsl_clock.o            1 016      152       16
    fsl_common.o              24       44
    fsl_debug_console.o      900       16       16
    fsl_gpio.o               100       88
    fsl_wdog.o               284       88
    main.o                   400      124
    startup_MK60D10.o      1 530
    system_MK60D10.o          36
    ----------------------------------------------
    Total:                 4 290      512       32

command line: [2]
    ----------------------------------------------
    Total:

dl7M_tln.a: [3]
    exit.o                     4
    low_level_init.o           4
    ----------------------------------------------
    Total:                     8

rt7M_tl.a: [4]
    cexit.o                   10
    cmain.o                   26
    copy_init3.o              44
    cstartup_M.o              12
    data_init.o               40
    strlen.o                  54
    ----------------------------------------------
    Total:                   186

shb_l.a: [5]
    exit.o                    20
    ----------------------------------------------
    Total:                    20

    Linker created                     20    8 192
--------------------------------------------------
    Grand Total:           4 504      532    8 224


*******************************************************************************
*** ENTRY LIST
***

Entry                      Address   Size  Type      Object
-----                      -------   ----  ----      ------
.iar.init_table$$Base   0x00001118          --   Gb  - Linker created -
.iar.init_table$$Limit  0x0000112c          --   Gb  - Linker created -
?main                   0x0000112d         Code  Gb  cmain.o [4]
CLOCK_EnableClock       0x00000bdd   0x18  Code  Lc  main.o [1]
CLOCK_GetEr32kClkFreq   0x00000559   0x60  Code  Gb  fsl_clock.o [1]
CLOCK_GetFixedFreqClkFreq
                        0x0000073d   0x1e  Code  Gb  fsl_clock.o [1]
CLOCK_GetFllExtRefClkFreq
                        0x00000475   0x60  Code  Lc  fsl_clock.o [1]
CLOCK_GetFllFreq        0x000006dd   0x4a  Code  Gb  fsl_clock.o [1]
CLOCK_GetFllFreq::fllFactorTable
                        0x00001180   0x10  Data  Lc  fsl_clock.o [1]
CLOCK_GetFllRefClkFreq  0x000004fb   0x20  Code  Lc  fsl_clock.o [1]
CLOCK_GetFreq           0x000005e1   0xc4  Code  Gb  fsl_clock.o [1]
CLOCK_GetInternalRefClkFreq
                        0x00000727   0x16  Code  Gb  fsl_clock.o [1]
CLOCK_GetInternalRefClkSelectFreq
                        0x000004d5   0x26  Code  Lc  fsl_clock.o [1]
CLOCK_GetMcgExtClkFreq  0x00000411   0x64  Code  Lc  fsl_clock.o [1]
CLOCK_GetOsc0ErClkFreq  0x00000523   0x36  Code  Gb  fsl_clock.o [1]
CLOCK_GetOutClkFreq     0x000006a5   0x38  Code  Gb  fsl_clock.o [1]
CLOCK_GetPll0Freq       0x0000075b   0x54  Code  Gb  fsl_clock.o [1]
CLOCK_GetPll0RefFreq    0x0000051b    0x8  Code  Lc  fsl_clock.o [1]
CLOCK_GetPllFllSelClkFreq
                        0x000005b9   0x28  Code  Gb  fsl_clock.o [1]
CSTACK$$Base            0x1fff0020          --   Gb  - Linker created -
CSTACK$$Limit           0x1fff2020          --   Gb  - Linker created -
DbgConsole_ConvertRadixNumToString
                        0x00000895   0x82  Code  Lc  fsl_debug_console.o [1]
DbgConsole_Printf       0x00000821   0x24  Code  Gb  fsl_debug_console.o [1]
DbgConsole_PrintfFormattedData
                        0x00000917  0x288  Code  Lc  fsl_debug_console.o [1]
DbgConsole_PrintfPaddingCharacter
                        0x0000086d   0x28  Code  Lc  fsl_debug_console.o [1]
DbgConsole_Putchar      0x00000845   0x28  Code  Gb  fsl_debug_console.o [1]
DisableGlobalIRQ        0x00000dd1    0x8  Code  Lc  fsl_wdog.o [1]
EnableGlobalIRQ         0x00000dd9    0x6  Code  Lc  fsl_wdog.o [1]
GPIO_PinInit            0x00000d87   0x42  Code  Gb  fsl_gpio.o [1]
GPIO_WritePinOutput     0x00000d6d   0x1a  Code  Lc  fsl_gpio.o [1]
Init_gpio_in            0x00000c6f   0x3a  Code  Gb  main.o [1]
Init_gpio_out           0x00000c3f   0x30  Code  Gb  main.o [1]
PORT_SetPinConfig       0x00000bf5   0x28  Code  Lc  main.o [1]
PORT_SetPinMux          0x00000c1d   0x18  Code  Lc  main.o [1]
Region$$Table$$Base     0x00001118          --   Gb  - Linker created -
Region$$Table$$Limit    0x0000112c          --   Gb  - Linker created -
SystemInit              0x000010f5   0x1a  Code  Gb  system_MK60D10.o [1]
WDOG_GetDefaultConfig   0x00000ded   0x46  Code  Gb  fsl_wdog.o [1]
WDOG_Init               0x00000e33   0x94  Code  Gb  fsl_wdog.o [1]
WDOG_Refresh            0x00000ed1   0x1c  Code  Gb  fsl_wdog.o [1]
WDOG_Unlock             0x00000ddf    0xe  Code  Lc  fsl_wdog.o [1]
Watcgdog_init           0x00000ca9   0x48  Code  Gb  main.o [1]
__Vectors               0x00000000          --   Gb  startup_MK60D10.o [1]
__Vectors_End           0x00000400         Data  Gb  startup_MK60D10.o [1]
__Vectors_Size {Abs}    0x00000400          --   Gb  startup_MK60D10.o [1]
__aeabi_assert          0x00000809   0x12  Code  Gb  fsl_common.o [1]
__cmain                 0x0000112d         Code  Gb  cmain.o [4]
__exit                  0x0000115d   0x14  Code  Gb  exit.o [5]
__iar_copy_init3        0x0000107d   0x2c  Code  Gb  copy_init3.o [4]
__iar_data_init3        0x000010a9   0x28  Code  Gb  data_init.o [4]
__iar_program_start     0x000011a9         Code  Gb  cstartup_M.o [4]
__low_level_init        0x00001147    0x4  Code  Gb  low_level_init.o [3]
__vector_table          0x00000000         Data  Gb  startup_MK60D10.o [1]
__vector_table_0x1c     0x0000001c         Data  Gb  startup_MK60D10.o [1]
_call_main              0x00001139         Code  Gb  cmain.o [4]
_exit                   0x00001151         Code  Gb  cexit.o [4]
_main                   0x00001143         Code  Gb  cmain.o [4]
delay_ms                0x00000c35    0xa  Code  Gb  main.o [1]
exit                    0x0000114b    0x4  Code  Gb  exit.o [3]
g_xtal0Freq             0x1fff0018    0x4  Data  Gb  fsl_clock.o [1]
g_xtal32Freq            0x1fff001c    0x4  Data  Gb  fsl_clock.o [1]
main                    0x00000cf1   0x5c  Code  Gb  main.o [1]
s_debugConsole          0x1fff0000   0x10  Data  Lc  fsl_debug_console.o [1]
s_fastIrcFreq           0x1fff0014    0x4  Data  Lc  fsl_clock.o [1]
s_slowIrcFreq           0x1fff0010    0x4  Data  Lc  fsl_clock.o [1]
strlen                  0x00000ba5         Code  Gb  strlen.o [4]


[1] = G:\电子工程学习\ARMstudy\freescale\MK60D10_software\project\watchdog_window_mode\Debug\Obj
[2] = command line
[3] = dl7M_tln.a
[4] = rt7M_tl.a
[5] = shb_l.a

  4 504 bytes of readonly  code memory
    532 bytes of readonly  data memory
  8 224 bytes of readwrite data memory

Errors: none
Warnings: none
