###############################################################################
#
# IAR ELF Linker V7.60.2.11341/W32 for ARM                07/Aug/2016  11:36:07
# Copyright 2007-2016 IAR Systems AB.
#
#    Output file  =  
#        G:\电子工程学习\ARMstudy\freescale\K60_example\project\port_external
#        interrupt\Debug\Exe\external interrupt.out
#    Map file     =  
#        G:\电子工程学习\ARMstudy\freescale\K60_example\project\port_external
#        interrupt\Debug\List\external interrupt.map
#    Command line =  
#        "G:\电子工程学习\ARMstudy\freescale\K60_example\project\port_external
#        interrupt\Debug\Obj\common.o"
#        "G:\电子工程学习\ARMstudy\freescale\K60_example\project\port_external
#        interrupt\Debug\Obj\gpio.o"
#        "G:\电子工程学习\ARMstudy\freescale\K60_example\project\port_external
#        interrupt\Debug\Obj\main.o"
#        "G:\电子工程学习\ARMstudy\freescale\K60_example\project\port_external
#        interrupt\Debug\Obj\startup_MK60D10.o"
#        "G:\电子工程学习\ARMstudy\freescale\K60_example\project\port_external
#        interrupt\Debug\Obj\system_MK60D10.o"
#        "G:\电子工程学习\ARMstudy\freescale\K60_example\project\port_external
#        interrupt\Debug\Obj\systick.o" -o
#        "G:\电子工程学习\ARMstudy\freescale\K60_example\project\port_external
#        interrupt\Debug\Exe\external interrupt.out" --redirect
#        _Printf=_PrintfFull --redirect _Scanf=_ScanfFull --map
#        "G:\电子工程学习\ARMstudy\freescale\K60_example\project\port_external
#        interrupt\Debug\List\external interrupt.map" --config "D:\Program
#        Files\IAR Systems\arm\config\linker\NXP\MK60xN512_10.icf"
#        --semihosting --entry __iar_program_start --vfe
#
###############################################################################

*******************************************************************************
*** RUNTIME MODEL ATTRIBUTES
***

CppFlavor       = *
__SystemLibrary = DLib


*******************************************************************************
*** PLACEMENT SUMMARY
***

"A1":  place at 0x00000000 { ro section .intvec };
"P2":  place in [from 0x00000000 to 0x000003ff] |
                [from 0x00000410 to 0x0007ffff] { ro };
"P3":  place in [from 0x1fff0000 to 0x1fffffff repeat 2] {
          rw, block CSTACK, block HEAP };

  Section          Kind        Address    Size  Object
  -------          ----        -------    ----  ------
"A1":                                    0x410
  .intvec          ro code  0x00000000   0x410  startup_MK60D10.o [1]
                          - 0x00000410   0x410

"P2":                                    0x982
  .text            ro code  0x00000410   0x5cc  gpio.o [1]
  .text            ro code  0x000009dc    0x88  system_MK60D10.o [1]
  .text            ro code  0x00000a64    0x60  main.o [1]
  .text            ro code  0x00000ac4    0x40  zero_init3.o [4]
  .text            ro code  0x00000b04    0x28  data_init.o [4]
  .iar.init_table  const    0x00000b2c    0x10  - Linker created -
  .text            ro code  0x00000b3c    0x1a  cmain.o [4]
  .text            ro code  0x00000b56     0x4  low_level_init.o [3]
  .text            ro code  0x00000b5a     0x4  exit.o [3]
  .text            ro code  0x00000b60     0xa  cexit.o [4]
  .text            ro code  0x00000b6c    0x14  exit.o [5]
  .rodata          const    0x00000b80    0x14  gpio.o [1]
  .rodata          const    0x00000b94    0x14  gpio.o [1]
  .rodata          const    0x00000ba8    0x14  gpio.o [1]
  .text            ro code  0x00000bbc    0x10  startup_MK60D10.o [1]
  .text            ro code  0x00000bcc     0xc  cstartup_M.o [4]
  .rodata          const    0x00000bd8     0x8  gpio.o [1]
  .text            ro code  0x00000be0     0x4  startup_MK60D10.o [1]
  .text            ro code  0x00000be4     0x4  startup_MK60D10.o [1]
  .text            ro code  0x00000be8     0x4  startup_MK60D10.o [1]
  .text            ro code  0x00000bec     0x4  startup_MK60D10.o [1]
  .text            ro code  0x00000bf0     0x4  startup_MK60D10.o [1]
  .text            ro code  0x00000bf4     0x4  startup_MK60D10.o [1]
  .text            ro code  0x00000bf8     0x4  startup_MK60D10.o [1]
  .text            ro code  0x00000bfc     0x4  startup_MK60D10.o [1]
  .text            ro code  0x00000c00     0x4  startup_MK60D10.o [1]
  .text            ro code  0x00000c04     0x4  startup_MK60D10.o [1]
  .text            ro code  0x00000c08     0x4  startup_MK60D10.o [1]
  .text            ro code  0x00000c0c     0x4  startup_MK60D10.o [1]
  .text            ro code  0x00000c10     0x4  startup_MK60D10.o [1]
  .text            ro code  0x00000c14     0x4  startup_MK60D10.o [1]
  .text            ro code  0x00000c18     0x4  startup_MK60D10.o [1]
  .text            ro code  0x00000c1c     0x4  startup_MK60D10.o [1]
  .text            ro code  0x00000c20     0x4  startup_MK60D10.o [1]
  .text            ro code  0x00000c24     0x4  startup_MK60D10.o [1]
  .text            ro code  0x00000c28     0x4  startup_MK60D10.o [1]
  .text            ro code  0x00000c2c     0x4  startup_MK60D10.o [1]
  .text            ro code  0x00000c30     0x4  startup_MK60D10.o [1]
  .text            ro code  0x00000c34     0x4  startup_MK60D10.o [1]
  .text            ro code  0x00000c38     0x4  startup_MK60D10.o [1]
  .text            ro code  0x00000c3c     0x4  startup_MK60D10.o [1]
  .text            ro code  0x00000c40     0x4  startup_MK60D10.o [1]
  .text            ro code  0x00000c44     0x4  startup_MK60D10.o [1]
  .text            ro code  0x00000c48     0x4  startup_MK60D10.o [1]
  .text            ro code  0x00000c4c     0x4  startup_MK60D10.o [1]
  .text            ro code  0x00000c50     0x4  startup_MK60D10.o [1]
  .text            ro code  0x00000c54     0x4  startup_MK60D10.o [1]
  .text            ro code  0x00000c58     0x4  startup_MK60D10.o [1]
  .text            ro code  0x00000c5c     0x4  startup_MK60D10.o [1]
  .text            ro code  0x00000c60     0x4  startup_MK60D10.o [1]
  .text            ro code  0x00000c64     0x4  startup_MK60D10.o [1]
  .text            ro code  0x00000c68     0x4  startup_MK60D10.o [1]
  .text            ro code  0x00000c6c     0x4  startup_MK60D10.o [1]
  .text            ro code  0x00000c70     0x4  startup_MK60D10.o [1]
  .text            ro code  0x00000c74     0x4  startup_MK60D10.o [1]
  .text            ro code  0x00000c78     0x4  startup_MK60D10.o [1]
  .text            ro code  0x00000c7c     0x4  startup_MK60D10.o [1]
  .text            ro code  0x00000c80     0x4  startup_MK60D10.o [1]
  .text            ro code  0x00000c84     0x4  startup_MK60D10.o [1]
  .text            ro code  0x00000c88     0x4  startup_MK60D10.o [1]
  .text            ro code  0x00000c8c     0x4  startup_MK60D10.o [1]
  .text            ro code  0x00000c90     0x4  startup_MK60D10.o [1]
  .text            ro code  0x00000c94     0x4  startup_MK60D10.o [1]
  .text            ro code  0x00000c98     0x4  startup_MK60D10.o [1]
  .text            ro code  0x00000c9c     0x4  startup_MK60D10.o [1]
  .text            ro code  0x00000ca0     0x4  startup_MK60D10.o [1]
  .text            ro code  0x00000ca4     0x4  startup_MK60D10.o [1]
  .text            ro code  0x00000ca8     0x4  startup_MK60D10.o [1]
  .text            ro code  0x00000cac     0x4  startup_MK60D10.o [1]
  .text            ro code  0x00000cb0     0x4  startup_MK60D10.o [1]
  .text            ro code  0x00000cb4     0x4  startup_MK60D10.o [1]
  .text            ro code  0x00000cb8     0x4  startup_MK60D10.o [1]
  .text            ro code  0x00000cbc     0x4  startup_MK60D10.o [1]
  .text            ro code  0x00000cc0     0x4  startup_MK60D10.o [1]
  .text            ro code  0x00000cc4     0x4  startup_MK60D10.o [1]
  .text            ro code  0x00000cc8     0x4  startup_MK60D10.o [1]
  .text            ro code  0x00000ccc     0x4  startup_MK60D10.o [1]
  .text            ro code  0x00000cd0     0x4  startup_MK60D10.o [1]
  .text            ro code  0x00000cd4     0x4  startup_MK60D10.o [1]
  .text            ro code  0x00000cd8     0x4  startup_MK60D10.o [1]
  .text            ro code  0x00000cdc     0x4  startup_MK60D10.o [1]
  .text            ro code  0x00000ce0     0x4  startup_MK60D10.o [1]
  .text            ro code  0x00000ce4     0x4  startup_MK60D10.o [1]
  .text            ro code  0x00000ce8     0x4  startup_MK60D10.o [1]
  .text            ro code  0x00000cec     0x4  startup_MK60D10.o [1]
  .text            ro code  0x00000cf0     0x4  startup_MK60D10.o [1]
  .text            ro code  0x00000cf4     0x4  startup_MK60D10.o [1]
  .text            ro code  0x00000cf8     0x4  startup_MK60D10.o [1]
  .text            ro code  0x00000cfc     0x4  startup_MK60D10.o [1]
  .text            ro code  0x00000d00     0x4  startup_MK60D10.o [1]
  .text            ro code  0x00000d04     0x4  startup_MK60D10.o [1]
  .text            ro code  0x00000d08     0x4  startup_MK60D10.o [1]
  .text            ro code  0x00000d0c     0x4  startup_MK60D10.o [1]
  .text            ro code  0x00000d10     0x4  startup_MK60D10.o [1]
  .text            ro code  0x00000d14     0x4  startup_MK60D10.o [1]
  .text            ro code  0x00000d18     0x4  startup_MK60D10.o [1]
  .text            ro code  0x00000d1c     0x4  startup_MK60D10.o [1]
  .text            ro code  0x00000d20     0x4  startup_MK60D10.o [1]
  .text            ro code  0x00000d24     0x4  startup_MK60D10.o [1]
  .text            ro code  0x00000d28     0x4  startup_MK60D10.o [1]
  .text            ro code  0x00000d2c     0x4  startup_MK60D10.o [1]
  .text            ro code  0x00000d30     0x4  startup_MK60D10.o [1]
  .text            ro code  0x00000d34     0x4  startup_MK60D10.o [1]
  .text            ro code  0x00000d38     0x4  startup_MK60D10.o [1]
  .text            ro code  0x00000d3c     0x4  startup_MK60D10.o [1]
  .text            ro code  0x00000d40     0x4  startup_MK60D10.o [1]
  .text            ro code  0x00000d44     0x4  startup_MK60D10.o [1]
  .text            ro code  0x00000d48     0x4  startup_MK60D10.o [1]
  .text            ro code  0x00000d4c     0x4  startup_MK60D10.o [1]
  .text            ro code  0x00000d50     0x4  startup_MK60D10.o [1]
  .text            ro code  0x00000d54     0x4  startup_MK60D10.o [1]
  .text            ro code  0x00000d58     0x4  startup_MK60D10.o [1]
  .text            ro code  0x00000d5c     0x4  startup_MK60D10.o [1]
  .text            ro code  0x00000d60     0x4  startup_MK60D10.o [1]
  .text            ro code  0x00000d64     0x4  startup_MK60D10.o [1]
  .text            ro code  0x00000d68     0x4  startup_MK60D10.o [1]
  .text            ro code  0x00000d6c     0x4  startup_MK60D10.o [1]
  .text            ro code  0x00000d70     0x4  startup_MK60D10.o [1]
  .text            ro code  0x00000d74     0x4  startup_MK60D10.o [1]
  .text            ro code  0x00000d78     0x4  startup_MK60D10.o [1]
  .text            ro code  0x00000d7c     0x4  startup_MK60D10.o [1]
  .text            ro code  0x00000d80     0x4  startup_MK60D10.o [1]
  .text            ro code  0x00000d84     0x4  startup_MK60D10.o [1]
  .text            ro code  0x00000d88     0x4  startup_MK60D10.o [1]
  .text            ro code  0x00000d8c     0x4  startup_MK60D10.o [1]
  .text            ro code  0x00000d90     0x2  common.o [1]
  .rodata          const    0x00000d92     0x0  zero_init3.o [4]
                          - 0x00000d92   0x982

"P3", part 1 of 2:                        0x14
  .bss             zero     0x1fff0000    0x14  gpio.o [1]
                          - 0x1fff0014    0x14

"P3", part 2 of 2:                      0x2000
  CSTACK                    0x1fff0018  0x2000  <Block>
    CSTACK         uninit   0x1fff0018  0x2000  <Block tail>
                          - 0x1fff2018  0x2000


*******************************************************************************
*** INIT TABLE
***

          Address     Size
          -------     ----
Zero (__iar_zero_init3)
    1 destination range, total size 0x14:
          0x1fff0000  0x14



*******************************************************************************
*** MODULE SUMMARY
***

    Module             ro code  ro data  rw data
    ------             -------  -------  -------
G:\电子工程学习\ARMstudy\freescale\K60_example\project\port_external interrupt\Debug\Obj: [1]
    common.o                 2
    gpio.o               1 484       68       20
    main.o                  96
    startup_MK60D10.o    1 488
    system_MK60D10.o       136
    --------------------------------------------
    Total:               3 206       68       20

command line: [2]
    --------------------------------------------
    Total:

dl7M_tln.a: [3]
    exit.o                   4
    low_level_init.o         4
    --------------------------------------------
    Total:                   8

rt7M_tl.a: [4]
    cexit.o                 10
    cmain.o                 26
    cstartup_M.o            12
    data_init.o             40
    zero_init3.o            64
    --------------------------------------------
    Total:                 152

shb_l.a: [5]
    exit.o                  20
    --------------------------------------------
    Total:                  20

    Gaps                     4
    Linker created                   16    8 192
------------------------------------------------
    Grand Total:         3 390       84    8 212


*******************************************************************************
*** ENTRY LIST
***

Entry                      Address   Size  Type      Object
-----                      -------   ----  ----      ------
.iar.init_table$$Base   0x00000b2c          --   Gb  - Linker created -
.iar.init_table$$Limit  0x00000b3c          --   Gb  - Linker created -
?main                   0x00000b3d         Code  Gb  cmain.o [4]
CSTACK$$Base            0x1fff0018          --   Gb  - Linker created -
CSTACK$$Limit           0x1fff2018          --   Gb  - Linker created -
GPIO_CallBackTable      0x1fff0000   0x14  Data  Lc  gpio.o [1]
GPIO_CallbackInstall    0x000008df   0x1e  Code  Gb  gpio.o [1]
GPIO_IRQnTable          0x00000bd8    0x8  Data  Lc  gpio.o [1]
GPIO_ISR                0x00000a65   0x12  Code  Lc  main.o [1]
GPIO_ITDMAConfig        0x00000757  0x188  Code  Gb  gpio.o [1]
GPIO_Init               0x0000063d   0xe4  Code  Gb  gpio.o [1]
GPIO_InstanceTable      0x00000b80   0x14  Data  Lc  gpio.o [1]
GPIO_PinConfig          0x000005df   0x5e  Code  Gb  gpio.o [1]
GPIO_QuickInit          0x00000721   0x1c  Code  Gb  gpio.o [1]
GPIO_ToggleBit          0x0000073d   0x1a  Code  Gb  gpio.o [1]
NMI_Handler             0x00000d91    0x2  Code  Gb  common.o [1]
NVIC_DisableIRQ         0x00000427   0x16  Code  Lc  gpio.o [1]
NVIC_EnableIRQ          0x00000411   0x16  Code  Lc  gpio.o [1]
PORTA_IRQHandler        0x000008fd   0x26  Code  Gb  gpio.o [1]
PORTB_IRQHandler        0x00000923   0x26  Code  Gb  gpio.o [1]
PORTC_IRQHandler        0x00000949   0x26  Code  Gb  gpio.o [1]
PORTD_IRQHandler        0x0000096f   0x26  Code  Gb  gpio.o [1]
PORTE_IRQHandler        0x00000995   0x26  Code  Gb  gpio.o [1]
PORT_InstanceTable      0x00000b94   0x14  Data  Lc  gpio.o [1]
PORT_PinMuxConfig       0x0000043d   0x64  Code  Gb  gpio.o [1]
PORT_PinOpenDrainConfig
                        0x00000579   0x66  Code  Gb  gpio.o [1]
PORT_PinPullConfig      0x000004a1   0xd8  Code  Gb  gpio.o [1]
Region$$Table$$Base     0x00000b2c          --   Gb  - Linker created -
Region$$Table$$Limit    0x00000b3c          --   Gb  - Linker created -
SIM_GPIOClockGateTable  0x00000ba8   0x14  Data  Lc  gpio.o [1]
SystemInit              0x000009dd   0x5e  Code  Gb  system_MK60D10.o [1]
__Vectors               0x00000000          --   Gb  startup_MK60D10.o [1]
__Vectors_End           0x00000400         Data  Gb  startup_MK60D10.o [1]
__Vectors_Size {Abs}    0x00000400          --   Gb  startup_MK60D10.o [1]
__cmain                 0x00000b3d         Code  Gb  cmain.o [4]
__exit                  0x00000b6d   0x14  Code  Gb  exit.o [5]
__iar_data_init3        0x00000b05   0x28  Code  Gb  data_init.o [4]
__iar_program_start     0x00000bcd         Code  Gb  cstartup_M.o [4]
__iar_zero_init3        0x00000ac5   0x40  Code  Gb  zero_init3.o [4]
__low_level_init        0x00000b57    0x4  Code  Gb  low_level_init.o [3]
__vector_table          0x00000000         Data  Gb  startup_MK60D10.o [1]
_call_main              0x00000b49         Code  Gb  cmain.o [4]
_exit                   0x00000b61         Code  Gb  cexit.o [4]
_main                   0x00000b53         Code  Gb  cmain.o [4]
exit                    0x00000b5b    0x4  Code  Gb  exit.o [3]
main                    0x00000a77   0x4a  Code  Gb  main.o [1]


[1] = G:\电子工程学习\ARMstudy\freescale\K60_example\project\port_external interrupt\Debug\Obj
[2] = command line
[3] = dl7M_tln.a
[4] = rt7M_tl.a
[5] = shb_l.a

  3 390 bytes of readonly  code memory
     84 bytes of readonly  data memory
  8 212 bytes of readwrite data memory

Errors: none
Warnings: none
