###############################################################################
#
# IAR ELF Linker V7.60.2.11341/W32 for ARM                04/Sep/2016  10:05:34
# Copyright 2007-2016 IAR Systems AB.
#
#    Output file  =  
#        G:\电子工程学习\ARMstudy\freescale\MK60D10_software\project\GPIO_input\Debug\Exe\GPIO_input.out
#    Map file     =  
#        G:\电子工程学习\ARMstudy\freescale\MK60D10_software\project\GPIO_input\Debug\List\GPIO_input.map
#    Command line =  
#        G:\电子工程学习\ARMstudy\freescale\MK60D10_software\project\GPIO_input\Debug\Obj\fsl_clock.o
#        G:\电子工程学习\ARMstudy\freescale\MK60D10_software\project\GPIO_input\Debug\Obj\fsl_common.o
#        G:\电子工程学习\ARMstudy\freescale\MK60D10_software\project\GPIO_input\Debug\Obj\fsl_debug_console.o
#        G:\电子工程学习\ARMstudy\freescale\MK60D10_software\project\GPIO_input\Debug\Obj\fsl_gpio.o
#        G:\电子工程学习\ARMstudy\freescale\MK60D10_software\project\GPIO_input\Debug\Obj\main.o
#        G:\电子工程学习\ARMstudy\freescale\MK60D10_software\project\GPIO_input\Debug\Obj\startup_MK60D10.o
#        G:\电子工程学习\ARMstudy\freescale\MK60D10_software\project\GPIO_input\Debug\Obj\system_MK60D10.o
#        -o
#        G:\电子工程学习\ARMstudy\freescale\MK60D10_software\project\GPIO_input\Debug\Exe\GPIO_input.out
#        --map
#        G:\电子工程学习\ARMstudy\freescale\MK60D10_software\project\GPIO_input\Debug\List\GPIO_input.map
#        --config "D:\Program Files\IAR
#        Systems\arm\config\linker\NXP\MK60xN512_10.icf" --semihosting --entry
#        __iar_program_start --vfe
#
###############################################################################

*******************************************************************************
*** RUNTIME MODEL ATTRIBUTES
***

CppFlavor       = *
__SystemLibrary = DLib


*******************************************************************************
*** PLACEMENT SUMMARY
***

"A1":  place at 0x00000000 { ro section .intvec };
"P1":  place in [from 0x00000400 to 0x0000040f] { section FlashConfig };
"P2":  place in [from 0x00000000 to 0x000003ff] |
                [from 0x00000410 to 0x0007ffff] { ro };
"P3":  place in [from 0x1fff0000 to 0x1fffffff repeat 2] {
          rw, block CSTACK, block HEAP };

  Section          Kind        Address    Size  Object
  -------          ----        -------    ----  ------
"A1":                                    0x400
  .intvec          ro code  0x00000000   0x400  startup_MK60D10.o [1]
                          - 0x00000400   0x400

"P1":                                     0x10
  FlashConfig      ro code  0x00000400    0x10  startup_MK60D10.o [1]
                          - 0x00000410    0x10

"P2":                                    0x8e4
  .text            ro code  0x00000410   0x384  fsl_debug_console.o [1]
  .text            ro code  0x00000794    0x36  strlen.o [4]
  .text            ro code  0x000007ca     0x2  startup_MK60D10.o [1]
  .text            ro code  0x000007cc    0xe8  main.o [1]
  .text            ro code  0x000008b4    0x18  fsl_common.o [1]
  .text            ro code  0x000008cc    0x64  fsl_gpio.o [1]
  .rodata          const    0x00000930    0x68  main.o [1]
  .rodata          const    0x00000998    0x50  fsl_gpio.o [1]
  .text            ro code  0x000009e8    0x40  zero_init3.o [4]
  .rodata          const    0x00000a28    0x2c  fsl_common.o [1]
  .text            ro code  0x00000a54    0x28  data_init.o [4]
  .text            ro code  0x00000a7c    0x24  startup_MK60D10.o [1]
  .text            ro code  0x00000aa0    0x24  system_MK60D10.o [1]
  .iar.init_table  const    0x00000ac4    0x10  - Linker created -
  .text            ro code  0x00000ad4    0x1a  cmain.o [4]
  .text            ro code  0x00000aee     0x4  low_level_init.o [3]
  .text            ro code  0x00000af2     0x4  exit.o [3]
  .text            ro code  0x00000af6     0x2  startup_MK60D10.o [1]
  .text            ro code  0x00000af8     0xa  cexit.o [4]
  .text            ro code  0x00000b02     0x2  startup_MK60D10.o [1]
  .text            ro code  0x00000b04    0x14  exit.o [5]
  .text            ro code  0x00000b18     0xc  cstartup_M.o [4]
  .rodata          const    0x00000b24     0x8  fsl_gpio.o [1]
  .rodata          const    0x00000b2c     0x8  main.o [1]
  .text            ro code  0x00000b34     0x8  startup_MK60D10.o [1]
  .text            ro code  0x00000b3c     0x8  startup_MK60D10.o [1]
  .text            ro code  0x00000b44     0x8  startup_MK60D10.o [1]
  .text            ro code  0x00000b4c     0x8  startup_MK60D10.o [1]
  .text            ro code  0x00000b54     0x8  startup_MK60D10.o [1]
  .text            ro code  0x00000b5c     0x8  startup_MK60D10.o [1]
  .text            ro code  0x00000b64     0x8  startup_MK60D10.o [1]
  .text            ro code  0x00000b6c     0x8  startup_MK60D10.o [1]
  .text            ro code  0x00000b74     0x8  startup_MK60D10.o [1]
  .text            ro code  0x00000b7c     0x8  startup_MK60D10.o [1]
  .text            ro code  0x00000b84     0x8  startup_MK60D10.o [1]
  .text            ro code  0x00000b8c     0x8  startup_MK60D10.o [1]
  .text            ro code  0x00000b94     0x8  startup_MK60D10.o [1]
  .text            ro code  0x00000b9c     0x8  startup_MK60D10.o [1]
  .text            ro code  0x00000ba4     0x8  startup_MK60D10.o [1]
  .text            ro code  0x00000bac     0x8  startup_MK60D10.o [1]
  .text            ro code  0x00000bb4     0x8  startup_MK60D10.o [1]
  .text            ro code  0x00000bbc     0x8  startup_MK60D10.o [1]
  .text            ro code  0x00000bc4     0x8  startup_MK60D10.o [1]
  .text            ro code  0x00000bcc     0x8  startup_MK60D10.o [1]
  .text            ro code  0x00000bd4     0x8  startup_MK60D10.o [1]
  .text            ro code  0x00000bdc     0x8  startup_MK60D10.o [1]
  .text            ro code  0x00000be4     0x8  startup_MK60D10.o [1]
  .text            ro code  0x00000bec     0x8  startup_MK60D10.o [1]
  .text            ro code  0x00000bf4     0x8  startup_MK60D10.o [1]
  .text            ro code  0x00000bfc     0x8  startup_MK60D10.o [1]
  .text            ro code  0x00000c04     0x8  startup_MK60D10.o [1]
  .text            ro code  0x00000c0c     0x8  startup_MK60D10.o [1]
  .text            ro code  0x00000c14     0x8  startup_MK60D10.o [1]
  .text            ro code  0x00000c1c     0x8  startup_MK60D10.o [1]
  .text            ro code  0x00000c24     0x8  startup_MK60D10.o [1]
  .text            ro code  0x00000c2c     0x8  startup_MK60D10.o [1]
  .text            ro code  0x00000c34     0x8  startup_MK60D10.o [1]
  .text            ro code  0x00000c3c     0x8  startup_MK60D10.o [1]
  .text            ro code  0x00000c44     0x8  startup_MK60D10.o [1]
  .text            ro code  0x00000c4c     0x8  startup_MK60D10.o [1]
  .text            ro code  0x00000c54     0x8  startup_MK60D10.o [1]
  .text            ro code  0x00000c5c     0x8  startup_MK60D10.o [1]
  .text            ro code  0x00000c64     0x8  startup_MK60D10.o [1]
  .text            ro code  0x00000c6c     0x8  startup_MK60D10.o [1]
  .text            ro code  0x00000c74     0x8  startup_MK60D10.o [1]
  .text            ro code  0x00000c7c     0x8  startup_MK60D10.o [1]
  .text            ro code  0x00000c84     0x8  startup_MK60D10.o [1]
  .text            ro code  0x00000c8c     0x8  startup_MK60D10.o [1]
  .text            ro code  0x00000c94     0x8  startup_MK60D10.o [1]
  .text            ro code  0x00000c9c     0x8  startup_MK60D10.o [1]
  .text            ro code  0x00000ca4     0x8  startup_MK60D10.o [1]
  .text            ro code  0x00000cac     0x8  startup_MK60D10.o [1]
  .text            ro code  0x00000cb4     0x8  startup_MK60D10.o [1]
  .text            ro code  0x00000cbc     0x8  startup_MK60D10.o [1]
  .text            ro code  0x00000cc4     0x8  startup_MK60D10.o [1]
  .text            ro code  0x00000ccc     0x8  startup_MK60D10.o [1]
  .text            ro code  0x00000cd4     0x8  startup_MK60D10.o [1]
  .text            ro code  0x00000cdc     0x8  startup_MK60D10.o [1]
  .text            ro code  0x00000ce4     0x4  startup_MK60D10.o [1]
  .text            ro code  0x00000ce8     0x2  startup_MK60D10.o [1]
  .text            ro code  0x00000cea     0x2  startup_MK60D10.o [1]
  .text            ro code  0x00000cec     0x2  startup_MK60D10.o [1]
  .text            ro code  0x00000cee     0x2  startup_MK60D10.o [1]
  .text            ro code  0x00000cf0     0x2  startup_MK60D10.o [1]
  .text            ro code  0x00000cf2     0x2  startup_MK60D10.o [1]
  .rodata          const    0x00000cf4     0x0  zero_init3.o [4]
                          - 0x00000cf4   0x8e4

"P3", part 1 of 2:                        0x10
  .bss             zero     0x1fff0000    0x10  fsl_debug_console.o [1]
                          - 0x1fff0010    0x10

"P3", part 2 of 2:                      0x2000
  CSTACK                    0x1fff0010  0x2000  <Block>
    CSTACK         uninit   0x1fff0010  0x2000  <Block tail>
                          - 0x1fff2010  0x2000


*******************************************************************************
*** INIT TABLE
***

          Address     Size
          -------     ----
Zero (__iar_zero_init3)
    1 destination range, total size 0x10:
          0x1fff0000  0x10



*******************************************************************************
*** MODULE SUMMARY
***

    Module               ro code  ro data  rw data
    ------               -------  -------  -------
G:\电子工程学习\ARMstudy\freescale\MK60D10_software\project\GPIO_input\Debug\Obj: [1]
    fsl_common.o              24       44
    fsl_debug_console.o      900                16
    fsl_gpio.o               100       88
    main.o                   232      112
    startup_MK60D10.o      1 530
    system_MK60D10.o          36
    ----------------------------------------------
    Total:                 2 822      244       16

command line: [2]
    ----------------------------------------------
    Total:

dl7M_tln.a: [3]
    exit.o                     4
    low_level_init.o           4
    ----------------------------------------------
    Total:                     8

rt7M_tl.a: [4]
    cexit.o                   10
    cmain.o                   26
    cstartup_M.o              12
    data_init.o               40
    strlen.o                  54
    zero_init3.o              64
    ----------------------------------------------
    Total:                   206

shb_l.a: [5]
    exit.o                    20
    ----------------------------------------------
    Total:                    20

    Linker created                     16    8 192
--------------------------------------------------
    Grand Total:           3 056      260    8 208


*******************************************************************************
*** ENTRY LIST
***

Entry                      Address   Size  Type      Object
-----                      -------   ----  ----      ------
.iar.init_table$$Base   0x00000ac4          --   Gb  - Linker created -
.iar.init_table$$Limit  0x00000ad4          --   Gb  - Linker created -
?main                   0x00000ad5         Code  Gb  cmain.o [4]
CLOCK_EnableClock       0x000007cd   0x18  Code  Lc  main.o [1]
CSTACK$$Base            0x1fff0010          --   Gb  - Linker created -
CSTACK$$Limit           0x1fff2010          --   Gb  - Linker created -
DbgConsole_ConvertRadixNumToString
                        0x00000485   0x82  Code  Lc  fsl_debug_console.o [1]
DbgConsole_Printf       0x00000411   0x24  Code  Gb  fsl_debug_console.o [1]
DbgConsole_PrintfFormattedData
                        0x00000507  0x288  Code  Lc  fsl_debug_console.o [1]
DbgConsole_PrintfPaddingCharacter
                        0x0000045d   0x28  Code  Lc  fsl_debug_console.o [1]
DbgConsole_Putchar      0x00000435   0x28  Code  Gb  fsl_debug_console.o [1]
GPIO_PinInit            0x000008e7   0x42  Code  Gb  fsl_gpio.o [1]
GPIO_WritePinOutput     0x000008cd   0x1a  Code  Lc  fsl_gpio.o [1]
PORT_SetPinConfig       0x000007e5   0x28  Code  Lc  main.o [1]
PORT_SetPinMux          0x0000080d   0x18  Code  Lc  main.o [1]
Region$$Table$$Base     0x00000ac4          --   Gb  - Linker created -
Region$$Table$$Limit    0x00000ad4          --   Gb  - Linker created -
SystemInit              0x00000aa1   0x1a  Code  Gb  system_MK60D10.o [1]
__Vectors               0x00000000          --   Gb  startup_MK60D10.o [1]
__Vectors_End           0x00000400         Data  Gb  startup_MK60D10.o [1]
__Vectors_Size {Abs}    0x00000400          --   Gb  startup_MK60D10.o [1]
__aeabi_assert          0x000008b5   0x12  Code  Gb  fsl_common.o [1]
__cmain                 0x00000ad5         Code  Gb  cmain.o [4]
__exit                  0x00000b05   0x14  Code  Gb  exit.o [5]
__iar_data_init3        0x00000a55   0x28  Code  Gb  data_init.o [4]
__iar_program_start     0x00000b19         Code  Gb  cstartup_M.o [4]
__iar_zero_init3        0x000009e9   0x40  Code  Gb  zero_init3.o [4]
__low_level_init        0x00000aef    0x4  Code  Gb  low_level_init.o [3]
__vector_table          0x00000000         Data  Gb  startup_MK60D10.o [1]
__vector_table_0x1c     0x0000001c         Data  Gb  startup_MK60D10.o [1]
_call_main              0x00000ae1         Code  Gb  cmain.o [4]
_exit                   0x00000af9         Code  Gb  cexit.o [4]
_main                   0x00000aeb         Code  Gb  cmain.o [4]
exit                    0x00000af3    0x4  Code  Gb  exit.o [3]
main                    0x00000825   0x78  Code  Gb  main.o [1]
s_debugConsole          0x1fff0000   0x10  Data  Lc  fsl_debug_console.o [1]
strlen                  0x00000795         Code  Gb  strlen.o [4]


[1] = G:\电子工程学习\ARMstudy\freescale\MK60D10_software\project\GPIO_input\Debug\Obj
[2] = command line
[3] = dl7M_tln.a
[4] = rt7M_tl.a
[5] = shb_l.a

  3 056 bytes of readonly  code memory
    260 bytes of readonly  data memory
  8 208 bytes of readwrite data memory

Errors: none
Warnings: none
