###############################################################################
#
# IAR ELF Linker V7.60.2.11341/W32 for ARM                30/Jul/2016  17:56:00
# Copyright 2007-2016 IAR Systems AB.
#
#    Output file  =  
#        G:\电子工程学习\ARMstudy\freescale\K60_example\project\SysTick\SysTick_interrupt\Debug\Exe\SysTick.out
#    Map file     =  
#        G:\电子工程学习\ARMstudy\freescale\K60_example\project\SysTick\SysTick_interrupt\Debug\List\SysTick.map
#    Command line =  
#        G:\电子工程学习\ARMstudy\freescale\K60_example\project\SysTick\SysTick_interrupt\Debug\Obj\common.o
#        G:\电子工程学习\ARMstudy\freescale\K60_example\project\SysTick\SysTick_interrupt\Debug\Obj\gpio.o
#        G:\电子工程学习\ARMstudy\freescale\K60_example\project\SysTick\SysTick_interrupt\Debug\Obj\main.o
#        G:\电子工程学习\ARMstudy\freescale\K60_example\project\SysTick\SysTick_interrupt\Debug\Obj\startup_MK60D10.o
#        G:\电子工程学习\ARMstudy\freescale\K60_example\project\SysTick\SysTick_interrupt\Debug\Obj\system_MK60D10.o
#        G:\电子工程学习\ARMstudy\freescale\K60_example\project\SysTick\SysTick_interrupt\Debug\Obj\systick.o
#        -o
#        G:\电子工程学习\ARMstudy\freescale\K60_example\project\SysTick\SysTick_interrupt\Debug\Exe\SysTick.out
#        --map
#        G:\电子工程学习\ARMstudy\freescale\K60_example\project\SysTick\SysTick_interrupt\Debug\List\SysTick.map
#        --config "D:\Program Files\IAR
#        Systems\arm\config\linker\NXP\MK60xN512_10.icf" --semihosting --entry
#        __iar_program_start --vfe
#
###############################################################################

*******************************************************************************
*** RUNTIME MODEL ATTRIBUTES
***

CppFlavor       = *
__SystemLibrary = DLib


*******************************************************************************
*** PLACEMENT SUMMARY
***

"A1":  place at 0x00000000 { ro section .intvec };
"P2":  place in [from 0x00000000 to 0x000003ff] |
                [from 0x00000410 to 0x0007ffff] { ro };
"P3":  place in [from 0x1fff0000 to 0x1fffffff repeat 2] {
          rw, block CSTACK, block HEAP };
initialize by copy { rw };

  Section            Kind        Address    Size  Object
  -------            ----        -------    ----  ------
"A1":                                      0x410
  .intvec            ro code  0x00000000   0x410  startup_MK60D10.o [1]
                            - 0x00000410   0x410

"P2":                                      0xa0c
  .text              ro code  0x00000410   0x3f0  gpio.o [1]
  .text              ro code  0x00000800   0x1dc  system_MK60D10.o [1]
  .text              ro code  0x000009dc    0xa8  systick.o [1]
  .text              ro code  0x00000a84    0x8a  common.o [1]
  .text              ro code  0x00000b10    0x3c  main.o [1]
  .text              ro code  0x00000b4c    0x2c  copy_init3.o [4]
  .text              ro code  0x00000b78    0x28  data_init.o [4]
  .iar.init_table    const    0x00000ba0    0x14  - Linker created -
  .text              ro code  0x00000bb4    0x1a  cmain.o [4]
  .text              ro code  0x00000bce     0x4  low_level_init.o [3]
  .text              ro code  0x00000bd2     0x4  exit.o [3]
  .text              ro code  0x00000bd8     0xa  cexit.o [4]
  .text              ro code  0x00000be4    0x14  exit.o [5]
  .rodata            const    0x00000bf8    0x14  gpio.o [1]
  .rodata            const    0x00000c0c    0x14  gpio.o [1]
  .rodata            const    0x00000c20    0x14  gpio.o [1]
  .text              ro code  0x00000c34    0x10  startup_MK60D10.o [1]
  .text              ro code  0x00000c44     0xc  cstartup_M.o [4]
  .text              ro code  0x00000c50     0x4  startup_MK60D10.o [1]
  .text              ro code  0x00000c54     0x4  startup_MK60D10.o [1]
  .text              ro code  0x00000c58     0x4  startup_MK60D10.o [1]
  .text              ro code  0x00000c5c     0x4  startup_MK60D10.o [1]
  .text              ro code  0x00000c60     0x4  startup_MK60D10.o [1]
  .text              ro code  0x00000c64     0x4  startup_MK60D10.o [1]
  .text              ro code  0x00000c68     0x4  startup_MK60D10.o [1]
  .text              ro code  0x00000c6c     0x4  startup_MK60D10.o [1]
  .text              ro code  0x00000c70     0x4  startup_MK60D10.o [1]
  .text              ro code  0x00000c74     0x4  startup_MK60D10.o [1]
  .text              ro code  0x00000c78     0x4  startup_MK60D10.o [1]
  .text              ro code  0x00000c7c     0x4  startup_MK60D10.o [1]
  .text              ro code  0x00000c80     0x4  startup_MK60D10.o [1]
  .text              ro code  0x00000c84     0x4  startup_MK60D10.o [1]
  .text              ro code  0x00000c88     0x4  startup_MK60D10.o [1]
  .text              ro code  0x00000c8c     0x4  startup_MK60D10.o [1]
  .text              ro code  0x00000c90     0x4  startup_MK60D10.o [1]
  .text              ro code  0x00000c94     0x4  startup_MK60D10.o [1]
  .text              ro code  0x00000c98     0x4  startup_MK60D10.o [1]
  .text              ro code  0x00000c9c     0x4  startup_MK60D10.o [1]
  .text              ro code  0x00000ca0     0x4  startup_MK60D10.o [1]
  .text              ro code  0x00000ca4     0x4  startup_MK60D10.o [1]
  .text              ro code  0x00000ca8     0x4  startup_MK60D10.o [1]
  .text              ro code  0x00000cac     0x4  startup_MK60D10.o [1]
  .text              ro code  0x00000cb0     0x4  startup_MK60D10.o [1]
  .text              ro code  0x00000cb4     0x4  startup_MK60D10.o [1]
  .text              ro code  0x00000cb8     0x4  startup_MK60D10.o [1]
  .text              ro code  0x00000cbc     0x4  startup_MK60D10.o [1]
  .text              ro code  0x00000cc0     0x4  startup_MK60D10.o [1]
  .text              ro code  0x00000cc4     0x4  startup_MK60D10.o [1]
  .text              ro code  0x00000cc8     0x4  startup_MK60D10.o [1]
  .text              ro code  0x00000ccc     0x4  startup_MK60D10.o [1]
  .text              ro code  0x00000cd0     0x4  startup_MK60D10.o [1]
  .text              ro code  0x00000cd4     0x4  startup_MK60D10.o [1]
  .text              ro code  0x00000cd8     0x4  startup_MK60D10.o [1]
  .text              ro code  0x00000cdc     0x4  startup_MK60D10.o [1]
  .text              ro code  0x00000ce0     0x4  startup_MK60D10.o [1]
  .text              ro code  0x00000ce4     0x4  startup_MK60D10.o [1]
  .text              ro code  0x00000ce8     0x4  startup_MK60D10.o [1]
  .text              ro code  0x00000cec     0x4  startup_MK60D10.o [1]
  .text              ro code  0x00000cf0     0x4  startup_MK60D10.o [1]
  .text              ro code  0x00000cf4     0x4  startup_MK60D10.o [1]
  .text              ro code  0x00000cf8     0x4  startup_MK60D10.o [1]
  .text              ro code  0x00000cfc     0x4  startup_MK60D10.o [1]
  .text              ro code  0x00000d00     0x4  startup_MK60D10.o [1]
  .text              ro code  0x00000d04     0x4  startup_MK60D10.o [1]
  .text              ro code  0x00000d08     0x4  startup_MK60D10.o [1]
  .text              ro code  0x00000d0c     0x4  startup_MK60D10.o [1]
  .text              ro code  0x00000d10     0x4  startup_MK60D10.o [1]
  .text              ro code  0x00000d14     0x4  startup_MK60D10.o [1]
  .text              ro code  0x00000d18     0x4  startup_MK60D10.o [1]
  .text              ro code  0x00000d1c     0x4  startup_MK60D10.o [1]
  .text              ro code  0x00000d20     0x4  startup_MK60D10.o [1]
  .text              ro code  0x00000d24     0x4  startup_MK60D10.o [1]
  .text              ro code  0x00000d28     0x4  startup_MK60D10.o [1]
  .text              ro code  0x00000d2c     0x4  startup_MK60D10.o [1]
  .text              ro code  0x00000d30     0x4  startup_MK60D10.o [1]
  .text              ro code  0x00000d34     0x4  startup_MK60D10.o [1]
  .text              ro code  0x00000d38     0x4  startup_MK60D10.o [1]
  .text              ro code  0x00000d3c     0x4  startup_MK60D10.o [1]
  .text              ro code  0x00000d40     0x4  startup_MK60D10.o [1]
  .text              ro code  0x00000d44     0x4  startup_MK60D10.o [1]
  .text              ro code  0x00000d48     0x4  startup_MK60D10.o [1]
  .text              ro code  0x00000d4c     0x4  startup_MK60D10.o [1]
  .text              ro code  0x00000d50     0x4  startup_MK60D10.o [1]
  .text              ro code  0x00000d54     0x4  startup_MK60D10.o [1]
  .text              ro code  0x00000d58     0x4  startup_MK60D10.o [1]
  .text              ro code  0x00000d5c     0x4  startup_MK60D10.o [1]
  .text              ro code  0x00000d60     0x4  startup_MK60D10.o [1]
  .text              ro code  0x00000d64     0x4  startup_MK60D10.o [1]
  .text              ro code  0x00000d68     0x4  startup_MK60D10.o [1]
  .text              ro code  0x00000d6c     0x4  startup_MK60D10.o [1]
  .text              ro code  0x00000d70     0x4  startup_MK60D10.o [1]
  .text              ro code  0x00000d74     0x4  startup_MK60D10.o [1]
  .text              ro code  0x00000d78     0x4  startup_MK60D10.o [1]
  .text              ro code  0x00000d7c     0x4  startup_MK60D10.o [1]
  .text              ro code  0x00000d80     0x4  startup_MK60D10.o [1]
  .text              ro code  0x00000d84     0x4  startup_MK60D10.o [1]
  .text              ro code  0x00000d88     0x4  startup_MK60D10.o [1]
  .text              ro code  0x00000d8c     0x4  startup_MK60D10.o [1]
  .text              ro code  0x00000d90     0x4  startup_MK60D10.o [1]
  .text              ro code  0x00000d94     0x4  startup_MK60D10.o [1]
  .text              ro code  0x00000d98     0x4  startup_MK60D10.o [1]
  .text              ro code  0x00000d9c     0x4  startup_MK60D10.o [1]
  .text              ro code  0x00000da0     0x4  startup_MK60D10.o [1]
  .text              ro code  0x00000da4     0x4  startup_MK60D10.o [1]
  .text              ro code  0x00000da8     0x4  startup_MK60D10.o [1]
  .text              ro code  0x00000dac     0x4  startup_MK60D10.o [1]
  .text              ro code  0x00000db0     0x4  startup_MK60D10.o [1]
  .text              ro code  0x00000db4     0x4  startup_MK60D10.o [1]
  .text              ro code  0x00000db8     0x4  startup_MK60D10.o [1]
  .text              ro code  0x00000dbc     0x4  startup_MK60D10.o [1]
  .text              ro code  0x00000dc0     0x4  startup_MK60D10.o [1]
  .text              ro code  0x00000dc4     0x4  startup_MK60D10.o [1]
  .text              ro code  0x00000dc8     0x4  startup_MK60D10.o [1]
  .text              ro code  0x00000dcc     0x4  startup_MK60D10.o [1]
  .text              ro code  0x00000dd0     0x4  startup_MK60D10.o [1]
  .text              ro code  0x00000dd4     0x4  startup_MK60D10.o [1]
  .text              ro code  0x00000dd8     0x4  startup_MK60D10.o [1]
  .text              ro code  0x00000ddc     0x4  startup_MK60D10.o [1]
  .text              ro code  0x00000de0     0x4  startup_MK60D10.o [1]
  .text              ro code  0x00000de4     0x4  startup_MK60D10.o [1]
  .text              ro code  0x00000de8     0x4  startup_MK60D10.o [1]
  .text              ro code  0x00000dec     0x4  startup_MK60D10.o [1]
  .text              ro code  0x00000df0     0x4  startup_MK60D10.o [1]
  .text              ro code  0x00000df4     0x4  startup_MK60D10.o [1]
  .text              ro code  0x00000df8     0x4  startup_MK60D10.o [1]
  .rodata            const    0x00000dfc     0x0  copy_init3.o [4]
  Initializer bytes  const    0x00000dfc    0x20  <for P3 s0>
                            - 0x00000e1c   0xa0c

"P3", part 1 of 2:                          0x20
  P3 s0                       0x1fff0000    0x20  <Init block>
    .bss             inited   0x1fff0000    0x14  gpio.o [1]
    .data            inited   0x1fff0014     0x4  system_MK60D10.o [1]
    .bss             inited   0x1fff0018     0x4  systick.o [1]
    .bss             inited   0x1fff001c     0x4  systick.o [1]
                            - 0x1fff0020    0x20

"P3", part 2 of 2:                        0x2000
  CSTACK                      0x1fff0020  0x2000  <Block>
    CSTACK           uninit   0x1fff0020  0x2000  <Block tail>
                            - 0x1fff2020  0x2000


*******************************************************************************
*** INIT TABLE
***

          Address     Size
          -------     ----
Copy (__iar_copy_init3)
    1 source range, total size 0x20:
          0x00000dfc  0x20
    1 destination range, total size 0x20:
          0x1fff0000  0x20



*******************************************************************************
*** MODULE SUMMARY
***

    Module             ro code  ro data  rw data
    ------             -------  -------  -------
G:\电子工程学习\ARMstudy\freescale\K60_example\project\SysTick\SysTick_interrupt\Debug\Obj: [1]
    common.o               138
    gpio.o               1 008       80       20
    main.o                  60
    startup_MK60D10.o    1 484
    system_MK60D10.o       476        4        4
    systick.o              168        8        8
    --------------------------------------------
    Total:               3 334       92       32

command line: [2]
    --------------------------------------------
    Total:

dl7M_tln.a: [3]
    exit.o                   4
    low_level_init.o         4
    --------------------------------------------
    Total:                   8

rt7M_tl.a: [4]
    cexit.o                 10
    cmain.o                 26
    copy_init3.o            44
    cstartup_M.o            12
    data_init.o             40
    --------------------------------------------
    Total:                 132

shb_l.a: [5]
    exit.o                  20
    --------------------------------------------
    Total:                  20

    Gaps                     6
    Linker created                   20    8 192
------------------------------------------------
    Grand Total:         3 500      112    8 224


*******************************************************************************
*** ENTRY LIST
***

Entry                      Address   Size  Type      Object
-----                      -------   ----  ----      ------
.iar.init_table$$Base   0x00000ba0          --   Gb  - Linker created -
.iar.init_table$$Limit  0x00000bb4          --   Gb  - Linker created -
?main                   0x00000bb5         Code  Gb  cmain.o [4]
CLOCK_GetClockFrequency
                        0x00000a85   0x80  Code  Gb  common.o [1]
CSTACK$$Base            0x1fff0020          --   Gb  - Linker created -
CSTACK$$Limit           0x1fff2020          --   Gb  - Linker created -
GPIO_CallBackTable      0x1fff0000   0x14  Data  Lc  gpio.o [1]
GPIO_Init               0x00000611   0xe4  Code  Gb  gpio.o [1]
GPIO_InstanceTable      0x00000bf8   0x14  Data  Lc  gpio.o [1]
GPIO_PinConfig          0x000005b3   0x5e  Code  Gb  gpio.o [1]
GPIO_QuickInit          0x000006f5   0x1c  Code  Gb  gpio.o [1]
GPIO_ToggleBit          0x00000711   0x1a  Code  Gb  gpio.o [1]
NMI_Handler             0x00000b0d    0x2  Code  Gb  common.o [1]
PORTA_IRQHandler        0x0000072b   0x26  Code  Gb  gpio.o [1]
PORTB_IRQHandler        0x00000751   0x26  Code  Gb  gpio.o [1]
PORTC_IRQHandler        0x00000777   0x26  Code  Gb  gpio.o [1]
PORTD_IRQHandler        0x0000079d   0x26  Code  Gb  gpio.o [1]
PORTE_IRQHandler        0x000007c3   0x26  Code  Gb  gpio.o [1]
PORT_InstanceTable      0x00000c0c   0x14  Data  Lc  gpio.o [1]
PORT_PinMuxConfig       0x00000411   0x64  Code  Gb  gpio.o [1]
PORT_PinOpenDrainConfig
                        0x0000054d   0x66  Code  Gb  gpio.o [1]
PORT_PinPullConfig      0x00000475   0xd8  Code  Gb  gpio.o [1]
Region$$Table$$Base     0x00000ba0          --   Gb  - Linker created -
Region$$Table$$Limit    0x00000bb4          --   Gb  - Linker created -
SIM_GPIOClockGateTable  0x00000c20   0x14  Data  Lc  gpio.o [1]
SYSTICK_Cmd             0x00000a27   0x22  Code  Gb  systick.o [1]
SYSTICK_ITConfig        0x00000a49   0x24  Code  Gb  systick.o [1]
SYSTICK_Init            0x000009dd   0x4a  Code  Gb  systick.o [1]
SysTick_Handler         0x00000b11    0xc  Code  Gb  main.o [1]
SystemCoreClock         0x1fff0014    0x4  Data  Gb  system_MK60D10.o [1]
SystemCoreClockUpdate   0x0000085f  0x140  Code  Gb  system_MK60D10.o [1]
SystemInit              0x00000801   0x5e  Code  Gb  system_MK60D10.o [1]
__Vectors               0x00000000          --   Gb  startup_MK60D10.o [1]
__Vectors_End           0x00000400         Data  Gb  startup_MK60D10.o [1]
__Vectors_Size {Abs}    0x00000400          --   Gb  startup_MK60D10.o [1]
__cmain                 0x00000bb5         Code  Gb  cmain.o [4]
__exit                  0x00000be5   0x14  Code  Gb  exit.o [5]
__iar_copy_init3        0x00000b4d   0x2c  Code  Gb  copy_init3.o [4]
__iar_data_init3        0x00000b79   0x28  Code  Gb  data_init.o [4]
__iar_program_start     0x00000c45         Code  Gb  cstartup_M.o [4]
__low_level_init        0x00000bcf    0x4  Code  Gb  low_level_init.o [3]
__vector_table          0x00000000         Data  Gb  startup_MK60D10.o [1]
_call_main              0x00000bc1         Code  Gb  cmain.o [4]
_exit                   0x00000bd9         Code  Gb  cexit.o [4]
_main                   0x00000bcb         Code  Gb  cmain.o [4]
exit                    0x00000bd3    0x4  Code  Gb  exit.o [3]
fac_ms                  0x1fff001c    0x4  Data  Lc  systick.o [1]
fac_us                  0x1fff0018    0x4  Data  Lc  systick.o [1]
main                    0x00000b1d   0x2a  Code  Gb  main.o [1]


[1] = G:\电子工程学习\ARMstudy\freescale\K60_example\project\SysTick\SysTick_interrupt\Debug\Obj
[2] = command line
[3] = dl7M_tln.a
[4] = rt7M_tl.a
[5] = shb_l.a

  3 500 bytes of readonly  code memory
    112 bytes of readonly  data memory
  8 224 bytes of readwrite data memory

Errors: none
Warnings: none
