###############################################################################
#
# IAR ELF Linker V7.60.2.11341/W32 for ARM                14/Aug/2016  08:52:30
# Copyright 2007-2016 IAR Systems AB.
#
#    Output file  =  
#        G:\电子工程学习\ARMstudy\freescale\K60_example\project\I2C_ADXL345\IAR\Debug\Exe\I2C_ADXL345.out
#    Map file     =  
#        G:\电子工程学习\ARMstudy\freescale\K60_example\project\I2C_ADXL345\IAR\Debug\List\I2C_ADXL345.map
#    Command line =  
#        G:\电子工程学习\ARMstudy\freescale\K60_example\project\I2C_ADXL345\IAR\Debug\Obj\adxl345.o
#        G:\电子工程学习\ARMstudy\freescale\K60_example\project\I2C_ADXL345\IAR\Debug\Obj\common.o
#        G:\电子工程学习\ARMstudy\freescale\K60_example\project\I2C_ADXL345\IAR\Debug\Obj\gpio.o
#        G:\电子工程学习\ARMstudy\freescale\K60_example\project\I2C_ADXL345\IAR\Debug\Obj\i2c.o
#        G:\电子工程学习\ARMstudy\freescale\K60_example\project\I2C_ADXL345\IAR\Debug\Obj\main.o
#        G:\电子工程学习\ARMstudy\freescale\K60_example\project\I2C_ADXL345\IAR\Debug\Obj\startup_MK60D10.o
#        G:\电子工程学习\ARMstudy\freescale\K60_example\project\I2C_ADXL345\IAR\Debug\Obj\system_MK60D10.o
#        G:\电子工程学习\ARMstudy\freescale\K60_example\project\I2C_ADXL345\IAR\Debug\Obj\systick.o
#        -o
#        G:\电子工程学习\ARMstudy\freescale\K60_example\project\I2C_ADXL345\IAR\Debug\Exe\I2C_ADXL345.out
#        --map
#        G:\电子工程学习\ARMstudy\freescale\K60_example\project\I2C_ADXL345\IAR\Debug\List\I2C_ADXL345.map
#        --config "D:\Program Files\IAR
#        Systems\arm\config\linker\NXP\MK60xN512_10.icf" --semihosting --entry
#        __iar_program_start --vfe
#
###############################################################################

*******************************************************************************
*** RUNTIME MODEL ATTRIBUTES
***

CppFlavor       = *
__SystemLibrary = DLib


*******************************************************************************
*** PLACEMENT SUMMARY
***

"A1":  place at 0x00000000 { ro section .intvec };
"P2":  place in [from 0x00000000 to 0x000003ff] |
                [from 0x00000410 to 0x0007ffff] { ro };
"P3":  place in [from 0x1fff0000 to 0x1fffffff repeat 2] {
          rw, block CSTACK, block HEAP };

  Section          Kind        Address    Size  Object
  -------          ----        -------    ----  ------
"A1":                                    0x410
  .intvec          ro code  0x00000000   0x410  startup_MK60D10.o [1]
                          - 0x00000410   0x410

"P2":                                    0x48a
  .text            ro code  0x00000410   0x134  gpio.o [1]
  .text            ro code  0x00000544    0x88  system_MK60D10.o [1]
  .text            ro code  0x000005cc    0x40  zero_init3.o [5]
  .text            ro code  0x0000060c    0x28  data_init.o [5]
  .iar.init_table  const    0x00000634    0x10  - Linker created -
  .text            ro code  0x00000644    0x1a  main.o [1]
  .text            ro code  0x00000660    0x1a  cmain.o [5]
  .text            ro code  0x0000067a     0x4  low_level_init.o [3]
  .text            ro code  0x0000067e     0x4  exit.o [3]
  .text            ro code  0x00000684     0xa  cexit.o [5]
  .text            ro code  0x00000690    0x14  exit.o [6]
  .rodata          const    0x000006a4    0x14  gpio.o [1]
  .rodata          const    0x000006b8    0x14  gpio.o [1]
  .text            ro code  0x000006cc    0x10  startup_MK60D10.o [1]
  .text            ro code  0x000006dc     0xc  cstartup_M.o [5]
  .text            ro code  0x000006e8     0x4  startup_MK60D10.o [1]
  .text            ro code  0x000006ec     0x4  startup_MK60D10.o [1]
  .text            ro code  0x000006f0     0x4  startup_MK60D10.o [1]
  .text            ro code  0x000006f4     0x4  startup_MK60D10.o [1]
  .text            ro code  0x000006f8     0x4  startup_MK60D10.o [1]
  .text            ro code  0x000006fc     0x4  startup_MK60D10.o [1]
  .text            ro code  0x00000700     0x4  startup_MK60D10.o [1]
  .text            ro code  0x00000704     0x4  startup_MK60D10.o [1]
  .text            ro code  0x00000708     0x4  startup_MK60D10.o [1]
  .text            ro code  0x0000070c     0x4  startup_MK60D10.o [1]
  .text            ro code  0x00000710     0x4  startup_MK60D10.o [1]
  .text            ro code  0x00000714     0x4  startup_MK60D10.o [1]
  .text            ro code  0x00000718     0x4  startup_MK60D10.o [1]
  .text            ro code  0x0000071c     0x4  startup_MK60D10.o [1]
  .text            ro code  0x00000720     0x4  startup_MK60D10.o [1]
  .text            ro code  0x00000724     0x4  startup_MK60D10.o [1]
  .text            ro code  0x00000728     0x4  startup_MK60D10.o [1]
  .text            ro code  0x0000072c     0x4  startup_MK60D10.o [1]
  .text            ro code  0x00000730     0x4  startup_MK60D10.o [1]
  .text            ro code  0x00000734     0x4  startup_MK60D10.o [1]
  .text            ro code  0x00000738     0x4  startup_MK60D10.o [1]
  .text            ro code  0x0000073c     0x4  startup_MK60D10.o [1]
  .text            ro code  0x00000740     0x4  startup_MK60D10.o [1]
  .text            ro code  0x00000744     0x4  startup_MK60D10.o [1]
  .text            ro code  0x00000748     0x4  startup_MK60D10.o [1]
  .text            ro code  0x0000074c     0x4  startup_MK60D10.o [1]
  .text            ro code  0x00000750     0x4  startup_MK60D10.o [1]
  .text            ro code  0x00000754     0x4  startup_MK60D10.o [1]
  .text            ro code  0x00000758     0x4  startup_MK60D10.o [1]
  .text            ro code  0x0000075c     0x4  startup_MK60D10.o [1]
  .text            ro code  0x00000760     0x4  startup_MK60D10.o [1]
  .text            ro code  0x00000764     0x4  startup_MK60D10.o [1]
  .text            ro code  0x00000768     0x4  startup_MK60D10.o [1]
  .text            ro code  0x0000076c     0x4  startup_MK60D10.o [1]
  .text            ro code  0x00000770     0x4  startup_MK60D10.o [1]
  .text            ro code  0x00000774     0x4  startup_MK60D10.o [1]
  .text            ro code  0x00000778     0x4  startup_MK60D10.o [1]
  .text            ro code  0x0000077c     0x4  startup_MK60D10.o [1]
  .text            ro code  0x00000780     0x4  startup_MK60D10.o [1]
  .text            ro code  0x00000784     0x4  startup_MK60D10.o [1]
  .text            ro code  0x00000788     0x4  startup_MK60D10.o [1]
  .text            ro code  0x0000078c     0x4  startup_MK60D10.o [1]
  .text            ro code  0x00000790     0x4  startup_MK60D10.o [1]
  .text            ro code  0x00000794     0x4  startup_MK60D10.o [1]
  .text            ro code  0x00000798     0x4  startup_MK60D10.o [1]
  .text            ro code  0x0000079c     0x4  startup_MK60D10.o [1]
  .text            ro code  0x000007a0     0x4  startup_MK60D10.o [1]
  .text            ro code  0x000007a4     0x4  startup_MK60D10.o [1]
  .text            ro code  0x000007a8     0x4  startup_MK60D10.o [1]
  .text            ro code  0x000007ac     0x4  startup_MK60D10.o [1]
  .text            ro code  0x000007b0     0x4  startup_MK60D10.o [1]
  .text            ro code  0x000007b4     0x4  startup_MK60D10.o [1]
  .text            ro code  0x000007b8     0x4  startup_MK60D10.o [1]
  .text            ro code  0x000007bc     0x4  startup_MK60D10.o [1]
  .text            ro code  0x000007c0     0x4  startup_MK60D10.o [1]
  .text            ro code  0x000007c4     0x4  startup_MK60D10.o [1]
  .text            ro code  0x000007c8     0x4  startup_MK60D10.o [1]
  .text            ro code  0x000007cc     0x4  startup_MK60D10.o [1]
  .text            ro code  0x000007d0     0x4  startup_MK60D10.o [1]
  .text            ro code  0x000007d4     0x4  startup_MK60D10.o [1]
  .text            ro code  0x000007d8     0x4  startup_MK60D10.o [1]
  .text            ro code  0x000007dc     0x4  startup_MK60D10.o [1]
  .text            ro code  0x000007e0     0x4  startup_MK60D10.o [1]
  .text            ro code  0x000007e4     0x4  startup_MK60D10.o [1]
  .text            ro code  0x000007e8     0x4  startup_MK60D10.o [1]
  .text            ro code  0x000007ec     0x4  startup_MK60D10.o [1]
  .text            ro code  0x000007f0     0x4  startup_MK60D10.o [1]
  .text            ro code  0x000007f4     0x4  startup_MK60D10.o [1]
  .text            ro code  0x000007f8     0x4  startup_MK60D10.o [1]
  .text            ro code  0x000007fc     0x4  startup_MK60D10.o [1]
  .text            ro code  0x00000800     0x4  startup_MK60D10.o [1]
  .text            ro code  0x00000804     0x4  startup_MK60D10.o [1]
  .text            ro code  0x00000808     0x4  startup_MK60D10.o [1]
  .text            ro code  0x0000080c     0x4  startup_MK60D10.o [1]
  .text            ro code  0x00000810     0x4  startup_MK60D10.o [1]
  .text            ro code  0x00000814     0x4  startup_MK60D10.o [1]
  .text            ro code  0x00000818     0x4  startup_MK60D10.o [1]
  .text            ro code  0x0000081c     0x4  startup_MK60D10.o [1]
  .text            ro code  0x00000820     0x4  startup_MK60D10.o [1]
  .text            ro code  0x00000824     0x4  startup_MK60D10.o [1]
  .text            ro code  0x00000828     0x4  startup_MK60D10.o [1]
  .text            ro code  0x0000082c     0x4  startup_MK60D10.o [1]
  .text            ro code  0x00000830     0x4  startup_MK60D10.o [1]
  .text            ro code  0x00000834     0x4  startup_MK60D10.o [1]
  .text            ro code  0x00000838     0x4  startup_MK60D10.o [1]
  .text            ro code  0x0000083c     0x4  startup_MK60D10.o [1]
  .text            ro code  0x00000840     0x4  startup_MK60D10.o [1]
  .text            ro code  0x00000844     0x4  startup_MK60D10.o [1]
  .text            ro code  0x00000848     0x4  startup_MK60D10.o [1]
  .text            ro code  0x0000084c     0x4  startup_MK60D10.o [1]
  .text            ro code  0x00000850     0x4  startup_MK60D10.o [1]
  .text            ro code  0x00000854     0x4  startup_MK60D10.o [1]
  .text            ro code  0x00000858     0x4  startup_MK60D10.o [1]
  .text            ro code  0x0000085c     0x4  startup_MK60D10.o [1]
  .text            ro code  0x00000860     0x4  startup_MK60D10.o [1]
  .text            ro code  0x00000864     0x4  startup_MK60D10.o [1]
  .text            ro code  0x00000868     0x4  startup_MK60D10.o [1]
  .text            ro code  0x0000086c     0x4  startup_MK60D10.o [1]
  .text            ro code  0x00000870     0x4  startup_MK60D10.o [1]
  .text            ro code  0x00000874     0x4  startup_MK60D10.o [1]
  .text            ro code  0x00000878     0x4  startup_MK60D10.o [1]
  .text            ro code  0x0000087c     0x4  startup_MK60D10.o [1]
  .text            ro code  0x00000880     0x4  startup_MK60D10.o [1]
  .text            ro code  0x00000884     0x4  startup_MK60D10.o [1]
  .text            ro code  0x00000888     0x4  startup_MK60D10.o [1]
  .text            ro code  0x0000088c     0x4  startup_MK60D10.o [1]
  .text            ro code  0x00000890     0x4  startup_MK60D10.o [1]
  .text            ro code  0x00000894     0x4  startup_MK60D10.o [1]
  .text            ro code  0x00000898     0x2  common.o [1]
  .rodata          const    0x0000089a     0x0  zero_init3.o [5]
                          - 0x0000089a   0x48a

"P3", part 1 of 2:                        0x14
  .bss             zero     0x1fff0000    0x14  gpio.o [1]
                          - 0x1fff0014    0x14

"P3", part 2 of 2:                      0x2000
  CSTACK                    0x1fff0018  0x2000  <Block>
    CSTACK         uninit   0x1fff0018  0x2000  <Block tail>
                          - 0x1fff2018  0x2000


*******************************************************************************
*** INIT TABLE
***

          Address     Size
          -------     ----
Zero (__iar_zero_init3)
    1 destination range, total size 0x14:
          0x1fff0000  0x14



*******************************************************************************
*** MODULE SUMMARY
***

    Module             ro code  ro data  rw data
    ------             -------  -------  -------
G:\电子工程学习\ARMstudy\freescale\K60_example\project\I2C_ADXL345\IAR\Debug\Obj: [1]
    common.o                 2
    gpio.o                 308       40       20
    main.o                  26
    startup_MK60D10.o    1 488
    system_MK60D10.o       136
    --------------------------------------------
    Total:               1 960       40       20

command line: [2]
    --------------------------------------------
    Total:

dl7M_tln.a: [3]
    exit.o                   4
    low_level_init.o         4
    --------------------------------------------
    Total:                   8

m7M_tl.a: [4]
    --------------------------------------------
    Total:

rt7M_tl.a: [5]
    cexit.o                 10
    cmain.o                 26
    cstartup_M.o            12
    data_init.o             40
    zero_init3.o            64
    --------------------------------------------
    Total:                 152

shb_l.a: [6]
    exit.o                  20
    --------------------------------------------
    Total:                  20

    Gaps                     6
    Linker created                   16    8 192
------------------------------------------------
    Grand Total:         2 146       56    8 212


*******************************************************************************
*** ENTRY LIST
***

Entry                      Address  Size  Type      Object
-----                      -------  ----  ----      ------
.iar.init_table$$Base   0x00000634         --   Gb  - Linker created -
.iar.init_table$$Limit  0x00000644         --   Gb  - Linker created -
?main                   0x00000661        Code  Gb  cmain.o [5]
CSTACK$$Base            0x1fff0018         --   Gb  - Linker created -
CSTACK$$Limit           0x1fff2018         --   Gb  - Linker created -
GPIO_CallBackTable      0x1fff0000  0x14  Data  Lc  gpio.o [1]
NMI_Handler             0x00000899   0x2  Code  Gb  common.o [1]
PORTA_IRQHandler        0x00000475  0x26  Code  Gb  gpio.o [1]
PORTB_IRQHandler        0x0000049b  0x26  Code  Gb  gpio.o [1]
PORTC_IRQHandler        0x000004c1  0x26  Code  Gb  gpio.o [1]
PORTD_IRQHandler        0x000004e7  0x26  Code  Gb  gpio.o [1]
PORTE_IRQHandler        0x0000050d  0x26  Code  Gb  gpio.o [1]
PORT_InstanceTable      0x000006a4  0x14  Data  Lc  gpio.o [1]
PORT_PinMuxConfig       0x00000411  0x64  Code  Gb  gpio.o [1]
Region$$Table$$Base     0x00000634         --   Gb  - Linker created -
Region$$Table$$Limit    0x00000644         --   Gb  - Linker created -
SIM_GPIOClockGateTable  0x000006b8  0x14  Data  Lc  gpio.o [1]
SystemInit              0x00000545  0x5e  Code  Gb  system_MK60D10.o [1]
__Vectors               0x00000000         --   Gb  startup_MK60D10.o [1]
__Vectors_End           0x00000400        Data  Gb  startup_MK60D10.o [1]
__Vectors_Size {Abs}    0x00000400         --   Gb  startup_MK60D10.o [1]
__cmain                 0x00000661        Code  Gb  cmain.o [5]
__exit                  0x00000691  0x14  Code  Gb  exit.o [6]
__iar_data_init3        0x0000060d  0x28  Code  Gb  data_init.o [5]
__iar_program_start     0x000006dd        Code  Gb  cstartup_M.o [5]
__iar_zero_init3        0x000005cd  0x40  Code  Gb  zero_init3.o [5]
__low_level_init        0x0000067b   0x4  Code  Gb  low_level_init.o [3]
__vector_table          0x00000000        Data  Gb  startup_MK60D10.o [1]
_call_main              0x0000066d        Code  Gb  cmain.o [5]
_exit                   0x00000685        Code  Gb  cexit.o [5]
_main                   0x00000677        Code  Gb  cmain.o [5]
exit                    0x0000067f   0x4  Code  Gb  exit.o [3]
main                    0x00000645  0x1a  Code  Gb  main.o [1]


[1] = G:\电子工程学习\ARMstudy\freescale\K60_example\project\I2C_ADXL345\IAR\Debug\Obj
[2] = command line
[3] = dl7M_tln.a
[4] = m7M_tl.a
[5] = rt7M_tl.a
[6] = shb_l.a

  2 146 bytes of readonly  code memory
     56 bytes of readonly  data memory
  8 212 bytes of readwrite data memory

Errors: none
Warnings: none
